No syntax errors detected in /mnt/data/mycrud251/app/Language/it/Validation.php
No syntax errors detected in /mnt/data/mycrud251/app/Language/it/Fields.php
No syntax errors detected in /mnt/data/mycrud251/app/Language/en/Validation.php
No syntax errors detected in /mnt/data/mycrud251/app/Language/en/Fields.php
No syntax errors detected in /mnt/data/mycrud251/app/Routes/agenzie.php
No syntax errors detected in /mnt/data/mycrud251/app/Routes/agenda.php
No syntax errors detected in /mnt/data/mycrud251/app/Routes/app_ip.php
No syntax errors detected in /mnt/data/mycrud251/app/Routes/camere.php
No syntax errors detected in /mnt/data/mycrud251/app/Routes/hotels.php
No syntax errors detected in /mnt/data/mycrud251/app/Views/welcome_message.php
No syntax errors detected in /mnt/data/mycrud251/app/Views/layouts/default.php
No syntax errors detected in /mnt/data/mycrud251/app/Views/mycrud/quick_result.php
No syntax errors detected in /mnt/data/mycrud251/app/Views/mycrud/table_list.php
No syntax errors detected in /mnt/data/mycrud251/app/Views/mycrud/code_output.php
No syntax errors detected in /mnt/data/mycrud251/app/Views/mycrud/builder.php
No syntax errors detected in /mnt/data/mycrud251/app/Views/mycrud/schema.php
No syntax errors detected in /mnt/data/mycrud251/app/Views/mycrud/quick.php
No syntax errors detected in /mnt/data/mycrud251/app/Views/mycrud/result.php
No syntax errors detected in /mnt/data/mycrud251/app/Views/errors/html/error_404.php
No syntax errors detected in /mnt/data/mycrud251/app/Views/errors/html/error_400.php
No syntax errors detected in /mnt/data/mycrud251/app/Views/errors/html/production.php
No syntax errors detected in /mnt/data/mycrud251/app/Views/errors/html/error_exception.php
No syntax errors detected in /mnt/data/mycrud251/app/Views/errors/cli/error_404.php
No syntax errors detected in /mnt/data/mycrud251/app/Views/errors/cli/production.php
No syntax errors detected in /mnt/data/mycrud251/app/Views/errors/cli/error_exception.php
No syntax errors detected in /mnt/data/mycrud251/app/Config/Filters.php
No syntax errors detected in /mnt/data/mycrud251/app/Config/Mimes.php
No syntax errors detected in /mnt/data/mycrud251/app/Config/Format.php
No syntax errors detected in /mnt/data/mycrud251/app/Config/Services.php
No syntax errors detected in /mnt/data/mycrud251/app/Config/View.php
No syntax errors detected in /mnt/data/mycrud251/app/Config/WorkerMode.php
No syntax errors detected in /mnt/data/mycrud251/app/Config/Routing.php
No syntax errors detected in /mnt/data/mycrud251/app/Config/DocTypes.php
No syntax errors detected in /mnt/data/mycrud251/app/Config/ForeignCharacters.php
No syntax errors detected in /mnt/data/mycrud251/app/Config/Autoload.php
No syntax errors detected in /mnt/data/mycrud251/app/Config/Paths.php
No syntax errors detected in /mnt/data/mycrud251/app/Config/Email.php
No syntax errors detected in /mnt/data/mycrud251/app/Config/Hostnames.php
No syntax errors detected in /mnt/data/mycrud251/app/Config/Modules.php
No syntax errors detected in /mnt/data/mycrud251/app/Config/Validation.php
No syntax errors detected in /mnt/data/mycrud251/app/Config/Generators.php
No syntax errors detected in /mnt/data/mycrud251/app/Config/Database.php
No syntax errors detected in /mnt/data/mycrud251/app/Config/Security.php
No syntax errors detected in /mnt/data/mycrud251/app/Config/Honeypot.php
No syntax errors detected in /mnt/data/mycrud251/app/Config/Optimize.php
No syntax errors detected in /mnt/data/mycrud251/app/Config/Exceptions.php
No syntax errors detected in /mnt/data/mycrud251/app/Config/Session.php
No syntax errors detected in /mnt/data/mycrud251/app/Config/Feature.php
No syntax errors detected in /mnt/data/mycrud251/app/Config/ContentSecurityPolicy.php
No syntax errors detected in /mnt/data/mycrud251/app/Config/Cors.php
No syntax errors detected in /mnt/data/mycrud251/app/Config/Migrations.php
No syntax errors detected in /mnt/data/mycrud251/app/Config/Kint.php
No syntax errors detected in /mnt/data/mycrud251/app/Config/Routes.php
No syntax errors detected in /mnt/data/mycrud251/app/Config/App.php
No syntax errors detected in /mnt/data/mycrud251/app/Config/UserAgents.php
No syntax errors detected in /mnt/data/mycrud251/app/Config/Publisher.php
No syntax errors detected in /mnt/data/mycrud251/app/Config/Events.php
No syntax errors detected in /mnt/data/mycrud251/app/Config/Constants.php
No syntax errors detected in /mnt/data/mycrud251/app/Config/MyCrud.php
No syntax errors detected in /mnt/data/mycrud251/app/Config/Pager.php
No syntax errors detected in /mnt/data/mycrud251/app/Config/Cache.php
No syntax errors detected in /mnt/data/mycrud251/app/Config/MyCrudRoutes.php
No syntax errors detected in /mnt/data/mycrud251/app/Config/Logger.php
No syntax errors detected in /mnt/data/mycrud251/app/Config/Toolbar.php
No syntax errors detected in /mnt/data/mycrud251/app/Config/CURLRequest.php
No syntax errors detected in /mnt/data/mycrud251/app/Config/Encryption.php
No syntax errors detected in /mnt/data/mycrud251/app/Config/Images.php
No syntax errors detected in /mnt/data/mycrud251/app/Config/Cookie.php
No syntax errors detected in /mnt/data/mycrud251/app/Config/Boot/testing.php
No syntax errors detected in /mnt/data/mycrud251/app/Config/Boot/production.php
No syntax errors detected in /mnt/data/mycrud251/app/Config/Boot/development.php
No syntax errors detected in /mnt/data/mycrud251/app/Controllers/BaseController.php
No syntax errors detected in /mnt/data/mycrud251/app/Controllers/Home.php
No syntax errors detected in /mnt/data/mycrud251/app/Controllers/MyCrud/BuilderController.php
No syntax errors detected in /mnt/data/mycrud251/app/Controllers/MyCrud/AutoCrudController.php
No syntax errors detected in /mnt/data/mycrud251/app/Controllers/MyCrud/SchemaController.php
No syntax errors detected in /mnt/data/mycrud251/app/Controllers/MyCrud/ToolsController.php
No syntax errors detected in /mnt/data/mycrud251/app/Generated/Routes/app_ip.php
No syntax errors detected in /mnt/data/mycrud251/app/Generated/Routes/camere.php
No syntax errors detected in /mnt/data/mycrud251/app/Generated/Routes/tipologia_camera.php
No syntax errors detected in /mnt/data/mycrud251/app/Generated/Routes/comuni.php
No syntax errors detected in /mnt/data/mycrud251/app/Generated/Models/TipologiaCameraModel.php
No syntax errors detected in /mnt/data/mycrud251/app/Generated/Models/ComuniModel.php
No syntax errors detected in /mnt/data/mycrud251/app/Generated/Models/CamereModel.php
No syntax errors detected in /mnt/data/mycrud251/app/Generated/Models/AppIpModel.php
No syntax errors detected in /mnt/data/mycrud251/app/Generated/Views/camere/view.php
No syntax errors detected in /mnt/data/mycrud251/app/Generated/Views/camere/index.php
No syntax errors detected in /mnt/data/mycrud251/app/Generated/Views/camere/edit.php
No syntax errors detected in /mnt/data/mycrud251/app/Generated/Views/camere/create.php
No syntax errors detected in /mnt/data/mycrud251/app/Generated/Views/camere/_form.php
No syntax errors detected in /mnt/data/mycrud251/app/Generated/Views/app_ip/view.php
No syntax errors detected in /mnt/data/mycrud251/app/Generated/Views/app_ip/index.php
No syntax errors detected in /mnt/data/mycrud251/app/Generated/Views/app_ip/edit.php
No syntax errors detected in /mnt/data/mycrud251/app/Generated/Views/app_ip/create.php
No syntax errors detected in /mnt/data/mycrud251/app/Generated/Views/app_ip/_form.php
No syntax errors detected in /mnt/data/mycrud251/app/Generated/Views/tipologia_camera/view.php
No syntax errors detected in /mnt/data/mycrud251/app/Generated/Views/tipologia_camera/index.php
No syntax errors detected in /mnt/data/mycrud251/app/Generated/Views/tipologia_camera/edit.php
No syntax errors detected in /mnt/data/mycrud251/app/Generated/Views/tipologia_camera/create.php
No syntax errors detected in /mnt/data/mycrud251/app/Generated/Views/tipologia_camera/_form.php
No syntax errors detected in /mnt/data/mycrud251/app/Generated/Views/comuni/view.php
No syntax errors detected in /mnt/data/mycrud251/app/Generated/Views/comuni/index.php
No syntax errors detected in /mnt/data/mycrud251/app/Generated/Views/comuni/edit.php
No syntax errors detected in /mnt/data/mycrud251/app/Generated/Views/comuni/create.php
No syntax errors detected in /mnt/data/mycrud251/app/Generated/Views/comuni/_form.php
No syntax errors detected in /mnt/data/mycrud251/app/Generated/Controllers/ComuniController.php
No syntax errors detected in /mnt/data/mycrud251/app/Generated/Controllers/TipologiaCameraController.php
No syntax errors detected in /mnt/data/mycrud251/app/Generated/Controllers/CamereController.php
No syntax errors detected in /mnt/data/mycrud251/app/Generated/Controllers/AppIpController.php
No syntax errors detected in /mnt/data/mycrud251/app/Generated/Services/CamereService.php
No syntax errors detected in /mnt/data/mycrud251/app/Generated/Services/AppIpService.php
No syntax errors detected in /mnt/data/mycrud251/app/Generated/Services/ComuniService.php
No syntax errors detected in /mnt/data/mycrud251/app/Generated/Services/TipologiaCameraService.php
No syntax errors detected in /mnt/data/mycrud251/app/Generated/Entities/AppIpEntity.php
No syntax errors detected in /mnt/data/mycrud251/app/Generated/Entities/CamereEntity.php
No syntax errors detected in /mnt/data/mycrud251/app/Generated/Entities/ComuniEntity.php
No syntax errors detected in /mnt/data/mycrud251/app/Generated/Entities/TipologiaCameraEntity.php
No syntax errors detected in /mnt/data/mycrud251/app/Generated/Validation/TipologiaCameraRules.php
No syntax errors detected in /mnt/data/mycrud251/app/Generated/Validation/ComuniRules.php
No syntax errors detected in /mnt/data/mycrud251/app/Generated/Validation/AppIpRules.php
No syntax errors detected in /mnt/data/mycrud251/app/Generated/Validation/CamereRules.php
No syntax errors detected in /mnt/data/mycrud251/app/Helpers/mycrud_form_helper.php
No syntax errors detected in /mnt/data/mycrud251/app/Commands/MyCrudGenerate.php
No syntax errors detected in /mnt/data/mycrud251/app/Common.php
No syntax errors detected in /mnt/data/mycrud251/app/Entities/AgenzieEntity.php
No syntax errors detected in /mnt/data/mycrud251/app/Entities/AppIpEntity.php
No syntax errors detected in /mnt/data/mycrud251/app/Entities/AgendaEntity.php
No syntax errors detected in /mnt/data/mycrud251/app/Entities/CamereEntity.php
No syntax errors detected in /mnt/data/mycrud251/app/Entities/HotelEntity.php
No syntax errors detected in /mnt/data/mycrud251/app/Libraries/MyCrud/Template/TemplateEngine.php
No syntax errors detected in /mnt/data/mycrud251/app/Libraries/MyCrud/Config/CrudConfigRepository.php
No syntax errors detected in /mnt/data/mycrud251/app/Libraries/MyCrud/Core/RelationResolver.php
No syntax errors detected in /mnt/data/mycrud251/app/Libraries/MyCrud/Core/FieldLabelResolver.php
No syntax errors detected in /mnt/data/mycrud251/app/Libraries/MyCrud/Core/GlobalGenerationService.php
No syntax errors detected in /mnt/data/mycrud251/app/Libraries/MyCrud/Core/ConfigBuilder.php
No syntax errors detected in /mnt/data/mycrud251/app/Libraries/MyCrud/Core/Naming.php
No syntax errors detected in /mnt/data/mycrud251/app/Libraries/MyCrud/Core/CrudGeneratorService.php
No syntax errors detected in /mnt/data/mycrud251/app/Libraries/MyCrud/Generators/ViewGenerator.php
No syntax errors detected in /mnt/data/mycrud251/app/Libraries/MyCrud/Generators/Views/AbstractViewGenerator.php
No syntax errors detected in /mnt/data/mycrud251/app/Libraries/MyCrud/Generators/Views/DetailViewGenerator.php
No syntax errors detected in /mnt/data/mycrud251/app/Libraries/MyCrud/Generators/Views/TrashViewGenerator.php
No syntax errors detected in /mnt/data/mycrud251/app/Libraries/MyCrud/Generators/Views/FormViewGenerator.php
No syntax errors detected in /mnt/data/mycrud251/app/Libraries/MyCrud/Generators/Views/IndexViewGenerator.php
No syntax errors detected in /mnt/data/mycrud251/app/Libraries/MyCrud/Generators/RouteGenerator.php
No syntax errors detected in /mnt/data/mycrud251/app/Libraries/MyCrud/Generators/ApiGenerator.php
No syntax errors detected in /mnt/data/mycrud251/app/Libraries/MyCrud/Generators/ValidationGenerator.php
No syntax errors detected in /mnt/data/mycrud251/app/Libraries/MyCrud/Generators/EntityGenerator.php
No syntax errors detected in /mnt/data/mycrud251/app/Libraries/MyCrud/Generators/ServiceGenerator.php
No syntax errors detected in /mnt/data/mycrud251/app/Libraries/MyCrud/Generators/ControllerGenerator.php
No syntax errors detected in /mnt/data/mycrud251/app/Libraries/MyCrud/Generators/GeneratorTrait.php
No syntax errors detected in /mnt/data/mycrud251/app/Libraries/MyCrud/Generators/ModelGenerator.php
No syntax errors detected in /mnt/data/mycrud251/app/Libraries/MyCrud/Schema/TableFilter.php
No syntax errors detected in /mnt/data/mycrud251/app/Libraries/MyCrud/Schema/DbSchema.php
